// Jest Snapshot v1, https://goo.gl/fbAQLP

exports[`ExpertiseList Component renders expertise list 1`] = `
<ul
  className="ul"
>
  <li
    key="0"
  >
    <section
      className="li"
    >
      <FaRandom
        size={36}
      />
      <ul
        className="iconUl"
      >
        <li
          key="0"
        >
          Able to quickly
        </li>
        <li
          key="1"
        >
          grasp complex,
        </li>
        <li
          key="2"
        >
          technical
        </li>
        <li
          key="3"
        >
          solutions
        </li>
      </ul>
    </section>
  </li>
  <li
    key="1"
  >
    <section
      className="li"
    >
      <FaGlobeAmericas
        size={36}
      />
      <ul
        className="iconUl"
      >
        <li
          key="0"
        >
          Extensive
        </li>
        <li
          key="1"
        >
          experience in
        </li>
        <li
          key="2"
        >
          international
        </li>
        <li
          key="3"
        >
          business
        </li>
      </ul>
    </section>
  </li>
  <li
    key="2"
  >
    <section
      className="li"
    >
      <FaComments
        size={36}
      />
      <ul
        className="iconUl"
      >
        <li
          key="0"
        >
          Translate
        </li>
        <li
          key="1"
        >
          tech talk into
        </li>
        <li
          key="2"
        >
          non-technical
        </li>
        <li
          key="3"
        >
          language
        </li>
      </ul>
    </section>
  </li>
  <li
    key="3"
  >
    <section
      className="li"
    >
      <FaStar
        size={36}
      />
      <ul
        className="iconUl"
      >
        <li
          key="0"
        >
          Can see past
        </li>
        <li
          key="1"
        >
          complexity to
        </li>
        <li
          key="2"
        >
          bring out the
        </li>
        <li
          key="3"
        >
          best
        </li>
      </ul>
    </section>
  </li>
  <li
    key="4"
  >
    <section
      className="li"
    >
      <FaFileAlt
        size={36}
      />
      <ul
        className="iconUl"
      >
        <li
          key="0"
        >
          Both
        </li>
        <li
          key="1"
        >
          copywriting
        </li>
        <li
          key="2"
        >
          and layout
        </li>
        <li
          key="3"
        >
          design
        </li>
      </ul>
    </section>
  </li>
</ul>
`;
