// Jest Snapshot v1, https://goo.gl/fbAQLP

exports[`ContactPage component renders ContactPage 1`] = `
<section
  className="section page"
  id="Contact"
>
  <Title
    title="get in contact"
  />
  <ContactOptions />
  <RenderParagraph
    content="When I’m not at my desk, you can find me traveling or enjoying the outdoors. I’m also an
avid painter, a mother and a lifelong learner. I love discovering cultures, places and people,
and I’ve lived in five different countries with Zürich, Switzerland, my current home. "
  />
</section>
`;
