// Jest Snapshot v1, https://goo.gl/fbAQLP

exports[`Intro component renders introducion 1`] = `
<ul
  className="intro"
>
  <li
    key="0"
  >
    I help tech companies with
  </li>
  <li
    key="1"
  >
    complex solutions to bring
  </li>
  <li
    key="2"
  >
    out their best
  </li>
  <li
    key="3"
  >
    Virpi Taimela
  </li>
</ul>
`;
